[www.statefarm.com/insurance/auto/discounts/drive-safe-save.html]
[backblue.gif]
[fade.gif]
[index.html]
[www.statefarm.com/content/dam/sf-library/en-us/secure/legacy/state-farm/sf-logo-for-rich-links.jpg]
[www.statefarm.com/content/dam/sf-library/en-us/secure/legacy/state-farm/SF_Logo_Red_Standard_Horzintal.png]
[static1.st8fm.com/en_US/dxl-1x/prod/css/lib/normalize.css]
[www.statefarm.com/etc.clientlibs/StateFarmAEM/components/privacy-notice/clientlib-privacy.min.7795e08a5cb1e0d839b6cabf2e124b46.css]
[static1.st8fm.com/en_US/dxl-1x/prod/css/1x.core.css]
[www.statefarm.com/etc.clientlibs/StateFarmAEM/components/privacy-notice/clientlib-privacy.min.4c432d946394ebc816488caac2eca98c.js]
[static1.st8fm.com/en_US/b2c_dvts/common/js/lib/StateFarmCommon_1dd5c.js]
[invocation.deel.c1.statefarm/deel.js]
[www.statefarm.com/hplp/_next/static/css/42408d4b3a2861c2.css]
[www.statefarm.com/hplp/_next/static/css/8439cb8205d6c064.css]
[www.statefarm.com/hplp/_next/static/chunks/polyfills-42372ed130431b0a.js]
[www.statefarm.com/hplp/_next/static/chunks/webpack-d33553f59c965ee8.js]
[www.statefarm.com/hplp/_next/static/chunks/framework-945b357d4a851f4b.js]
[www.statefarm.com/hplp/_next/static/chunks/main-bfec6eb59a11752d.js]
[www.statefarm.com/hplp/_next/static/chunks/pages/_app-9609b7ab9fa0683e.js]
[www.statefarm.com/hplp/_next/static/chunks/ea88be26-375858f3cf93f50c.js]
[www.statefarm.com/hplp/_next/static/chunks/900-f3f105c24cb7ac80.js]
[www.statefarm.com/hplp/_next/static/chunks/6963-0c26c9041a0da752.js]
[www.statefarm.com/hplp/_next/static/chunks/1012-e0d326743fbfab08.js]
[www.statefarm.com/hplp/_next/static/chunks/1833-9ad156dd618b2b09.js]
[www.statefarm.com/hplp/_next/static/chunks/pages/insurance/auto/discounts/drive-safe-save-f53ec75dbfb41376.js]
[www.statefarm.com/hplp/_next/static/hplpbfb42689/_buildManifest.js]
[www.statefarm.com/hplp/_next/static/hplpbfb42689/_ssgManifest.js]
[www.statefarm.com/content/dam/sf-library/en-us/secure/legacy/state-farm/download-badge-ios.png]
[www.statefarm.com/content/dam/sf-library/en-us/secure/legacy/state-farm/download-badge-google.png]
[www.statefarm.com/content/dam/sf-library/en-us/secure/legacy/team-west/dss-screenshot-m.png]
[www.statefarm.com/content/dam/sf-library/en-us/secure/legacy/team-west/auto_redesign_agent_module_tablet.png]
[www.statefarm.com/insurance/auto/discounts/drive-safe-save.html]
[static1.st8fm.com/en_US/dxl-1x/prod/css/lib/normalize.css]
[www.statefarm.com/etc.clientlibs/StateFarmAEM/components/privacy-notice/clientlib-privacy.min.7795e08a5cb1e0d839b6cabf2e124b46.css]
[static1.st8fm.com/en_US/dxl-1x/prod/css/fonts/SFNewsGothic/woff/SFNewsGothic-Reg.woff2]
[static1.st8fm.com/en_US/dxl-1x/prod/css/fonts/SFNewsGothic/woff/SFNewsGothic-Reg.woff]
[static1.st8fm.com/en_US/dxl-1x/prod/css/fonts/SFNewsGothic/ttf/SFNewsGothic-Reg.ttf]
[static1.st8fm.com/en_US/dxl-1x/prod/css/fonts/SFNewsGothic/otf/SFNewsGothic-Reg.otf]
[static1.st8fm.com/en_US/dxl-1x/prod/css/fonts/SFNewsGothic/woff/SFNewsGothic-Demi.woff2]
[static1.st8fm.com/en_US/dxl-1x/prod/css/fonts/SFNewsGothic/woff/SFNewsGothic-Demi.woff]
[static1.st8fm.com/en_US/dxl-1x/prod/css/fonts/SFNewsGothic/ttf/SFNewsGothic-Demi.ttf]
[static1.st8fm.com/en_US/dxl-1x/prod/css/fonts/SFNewsGothic/otf/SFNewsGothic-Demi.otf]
[static1.st8fm.com/en_US/dxl-1x/prod/css/fonts/SFNewsGothic/woff/SFNewsGothic-Bold.woff2]
[static1.st8fm.com/en_US/dxl-1x/prod/css/fonts/SFNewsGothic/woff/SFNewsGothic-Bold.woff]
[static1.st8fm.com/en_US/dxl-1x/prod/css/fonts/SFNewsGothic/ttf/SFNewsGothic-Bold.ttf]
[static1.st8fm.com/en_US/dxl-1x/prod/css/fonts/SFNewsGothic/otf/SFNewsGothic-Bold.otf]
[static1.st8fm.com/en_US/dxl-1x/prod/css/fonts/SFNewsGothic/woff/SFNewsGothic-Med.woff2]
[static1.st8fm.com/en_US/dxl-1x/prod/css/fonts/SFNewsGothic/woff/SFNewsGothic-Med.woff]
[static1.st8fm.com/en_US/dxl-1x/prod/css/fonts/SFNewsGothic/ttf/SFNewsGothic-Med.ttf]
[static1.st8fm.com/en_US/dxl-1x/prod/css/fonts/SFNewsGothic/otf/SFNewsGothic-Med.otf]
[static1.st8fm.com/en_US/dxl-1x/prod/css/fonts/SFNewsGothic/woff/SFNewsGothic-RegItalic.woff2]
[static1.st8fm.com/en_US/dxl-1x/prod/css/fonts/SFNewsGothic/woff/SFNewsGothic-RegItalic.woff]
[static1.st8fm.com/en_US/dxl-1x/prod/css/fonts/SFNewsGothic/ttf/SFNewsGothic-RegItalic.ttf]
[static1.st8fm.com/en_US/dxl-1x/prod/css/fonts/SFNewsGothic/otf/SFNewsGothic-RegItalic.otf]
[static1.st8fm.com/en_US/dxl-1x/prod/css/fonts/SFNewsGothic/woff/SFNewsGothic-DemiItalic.woff2]
[static1.st8fm.com/en_US/dxl-1x/prod/css/fonts/SFNewsGothic/woff/SFNewsGothic-DemiItalic.woff]
[static1.st8fm.com/en_US/dxl-1x/prod/css/fonts/SFNewsGothic/ttf/SFNewsGothic-DemiItalic.ttf]
[static1.st8fm.com/en_US/dxl-1x/prod/css/fonts/SFNewsGothic/otf/SFNewsGothic-DemiItalic.otf]
[static1.st8fm.com/en_US/dxl-1x/prod/css/fonts/SFNewsGothic/woff/SFNewsGothic-BoldItalic.woff2]
[static1.st8fm.com/en_US/dxl-1x/prod/css/fonts/SFNewsGothic/woff/SFNewsGothic-BoldItalic.woff]
[static1.st8fm.com/en_US/dxl-1x/prod/css/fonts/SFNewsGothic/ttf/SFNewsGothic-BoldItalic.ttf]
[static1.st8fm.com/en_US/dxl-1x/prod/css/fonts/SFNewsGothic/otf/SFNewsGothic-BoldItalic.otf]
[static1.st8fm.com/en_US/dxl-1x/prod/css/fonts/SFNewsGothic/woff/SFNewsGothic-MedItalic.woff2]
[static1.st8fm.com/en_US/dxl-1x/prod/css/fonts/SFNewsGothic/woff/SFNewsGothic-MedItalic.woff]
[static1.st8fm.com/en_US/dxl-1x/prod/css/fonts/SFNewsGothic/ttf/SFNewsGothic-MedItalic.ttf]
[static1.st8fm.com/en_US/dxl-1x/prod/css/fonts/SFNewsGothic/otf/SFNewsGothic-MedItalic.otf]
[static1.st8fm.com/en_US/dxl-1x/prod/css/fonts/Mecherle/woff/MecherleSans-Regular.woff2]
[static1.st8fm.com/en_US/dxl-1x/prod/css/fonts/Mecherle/woff/MecherleSans-Regular.woff]
[static1.st8fm.com/en_US/dxl-1x/prod/css/fonts/Mecherle/otf/MecherleSans-Regular.otf]
[static1.st8fm.com/en_US/dxl-1x/prod/css/fonts/Mecherle/woff/MecherleSans-Medium.woff2]
[static1.st8fm.com/en_US/dxl-1x/prod/css/fonts/Mecherle/woff/MecherleSans-Medium.woff]
[static1.st8fm.com/en_US/dxl-1x/prod/css/fonts/Mecherle/otf/MecherleSans-Medium.otf]
[static1.st8fm.com/en_US/dxl-1x/prod/css/fonts/Mecherle/woff/MecherleSans-SemiBold.woff2]
[static1.st8fm.com/en_US/dxl-1x/prod/css/fonts/Mecherle/woff/MecherleSans-SemiBold.woff]
[static1.st8fm.com/en_US/dxl-1x/prod/css/fonts/Mecherle/otf/MecherleSans-SemiBold.otf]
[static1.st8fm.com/en_US/dxl-1x/prod/css/fonts/Mecherle/woff/MecherleSans-Bold.woff2]
[static1.st8fm.com/en_US/dxl-1x/prod/css/fonts/Mecherle/woff/MecherleSans-Bold.woff]
[static1.st8fm.com/en_US/dxl-1x/prod/css/fonts/Mecherle/otf/MecherleSans-Bold.otf]
[static1.st8fm.com/en_US/dxl-1x/prod/css/fonts/Mecherle/woff/MecherleLegal-Regular.woff2]
[static1.st8fm.com/en_US/dxl-1x/prod/css/fonts/Mecherle/woff/MecherleLegal-Regular.woff]
[static1.st8fm.com/en_US/dxl-1x/prod/css/fonts/Mecherle/otf/MecherleLegal-Regular.otf]
[static1.st8fm.com/en_US/dxl-1x/prod/css/fonts/Mecherle/woff/MecherleSans-RegularItalic.woff2]
[static1.st8fm.com/en_US/dxl-1x/prod/css/fonts/Mecherle/woff/MecherleSans-RegularItalic.woff]
[static1.st8fm.com/en_US/dxl-1x/prod/css/fonts/Mecherle/woff/MecherleSans-MediumItalic.woff2]
[static1.st8fm.com/en_US/dxl-1x/prod/css/fonts/Mecherle/woff/MecherleSans-MediumItalic.woff]
[static1.st8fm.com/en_US/dxl-1x/prod/css/fonts/Mecherle/woff/MecherleSans-SemiBoldItalic.woff2]
[static1.st8fm.com/en_US/dxl-1x/prod/css/fonts/Mecherle/woff/MecherleSans-SemiBoldItalic.woff]
[static1.st8fm.com/en_US/dxl-1x/prod/css/fonts/Mecherle/woff/MecherleSans-BoldItalic.woff2]
[static1.st8fm.com/en_US/dxl-1x/prod/css/fonts/Mecherle/woff/MecherleSans-BoldItalic.woff]
[static1.st8fm.com/en_US/dxl-1x/prod/css/fonts/Mecherle/woff/MecherleLegal-RegularItalic.woff2]
[static1.st8fm.com/en_US/dxl-1x/prod/css/fonts/Mecherle/woff/MecherleLegal-RegularItalic.woff]
[static1.st8fm.com/en_US/dxl-1x/prod/css/images/core/text_field_controls.svg]
[static1.st8fm.com/en_US/dxl-1x/prod/css/images/core/close-icon_32.svg]
[static1.st8fm.com/en_US/dxl-1x/prod/css/images/core/notifications.svg]
[static1.st8fm.com/en_US/dxl-1x/prod/css/images/core/chevron.svg]
[static1.st8fm.com/en_US/dxl-1x/prod/css/images/core/circle_chevron_red_32.svg]
[static1.st8fm.com/en_US/dxl-1x/prod/css/images/core/circle_chevron_white_32.svg]
[static1.st8fm.com/en_US/dxl-1x/prod/css/images/core/close-icon_24.svg]
[static1.st8fm.com/en_US/dxl-1x/prod/css/images/pictograms/pictogram_3D.svg]
[static1.st8fm.com/en_US/dxl-1x/prod/css/images/pictograms/pictogram_agriculture.svg]
[static1.st8fm.com/en_US/dxl-1x/prod/css/images/pictograms/pictogram_animation.svg]
[static1.st8fm.com/en_US/dxl-1x/prod/css/images/pictograms/pictogram_annuities.svg]
[static1.st8fm.com/en_US/dxl-1x/prod/css/images/pictograms/pictogram_antique-car.svg]
[static1.st8fm.com/en_US/dxl-1x/prod/css/images/pictograms/pictogram_api-examples.svg]
[static1.st8fm.com/en_US/dxl-1x/prod/css/images/pictograms/pictogram_apis.svg]
[static1.st8fm.com/en_US/dxl-1x/prod/css/images/pictograms/pictogram_AR.svg]
[static1.st8fm.com/en_US/dxl-1x/prod/css/images/pictograms/pictogram_auto-car.svg]
[static1.st8fm.com/en_US/dxl-1x/prod/css/images/pictograms/pictogram_auto-loan.svg]
[static1.st8fm.com/en_US/dxl-1x/prod/css/images/pictograms/pictogram_bank.svg]
[static1.st8fm.com/en_US/dxl-1x/prod/css/images/pictograms/pictogram_boat.svg]
[static1.st8fm.com/en_US/dxl-1x/prod/css/images/pictograms/pictogram_broadcast.svg]
[static1.st8fm.com/en_US/dxl-1x/prod/css/images/pictograms/pictogram_bundle-auto-home.svg]
[static1.st8fm.com/en_US/dxl-1x/prod/css/images/pictograms/pictogram_bus.svg]
[static1.st8fm.com/en_US/dxl-1x/prod/css/images/pictograms/pictogram_business-insurance.svg]
[static1.st8fm.com/en_US/dxl-1x/prod/css/images/pictograms/pictogram_business-loan.svg]
[static1.st8fm.com/en_US/dxl-1x/prod/css/images/pictograms/pictogram_calendar.svg]
[static1.st8fm.com/en_US/dxl-1x/prod/css/images/pictograms/pictogram_camper.svg]
[static1.st8fm.com/en_US/dxl-1x/prod/css/images/pictograms/pictogram_car-on-phone.svg]
[static1.st8fm.com/en_US/dxl-1x/prod/css/images/pictograms/pictogram_certificate.svg]
[static1.st8fm.com/en_US/dxl-1x/prod/css/images/pictograms/pictogram_chart.svg]
[static1.st8fm.com/en_US/dxl-1x/prod/css/images/pictograms/pictogram_checking.svg]
[static1.st8fm.com/en_US/dxl-1x/prod/css/images/pictograms/pictogram_checklist.svg]
[static1.st8fm.com/en_US/dxl-1x/prod/css/images/pictograms/pictogram_collaborate.svg]
[static1.st8fm.com/en_US/dxl-1x/prod/css/images/pictograms/pictogram_complete-lease.svg]
[static1.st8fm.com/en_US/dxl-1x/prod/css/images/pictograms/pictogram_condo.svg]
[static1.st8fm.com/en_US/dxl-1x/prod/css/images/pictograms/pictogram_contact-book.svg]
[static1.st8fm.com/en_US/dxl-1x/prod/css/images/pictograms/pictogram_credit-card.svg]
[static1.st8fm.com/en_US/dxl-1x/prod/css/images/pictograms/pictogram_culture.svg]
[static1.st8fm.com/en_US/dxl-1x/prod/css/images/pictograms/pictogram_customer-focused.svg]
[static1.st8fm.com/en_US/dxl-1x/prod/css/images/pictograms/pictogram_design-process.svg]
[static1.st8fm.com/en_US/dxl-1x/prod/css/images/pictograms/pictogram_desktop-monitor.svg]
[static1.st8fm.com/en_US/dxl-1x/prod/css/images/pictograms/pictogram_documents.svg]
[static1.st8fm.com/en_US/dxl-1x/prod/css/images/pictograms/pictogram_education-savings.svg]
[static1.st8fm.com/en_US/dxl-1x/prod/css/images/pictograms/pictogram_exclamation.svg]
[static1.st8fm.com/en_US/dxl-1x/prod/css/images/pictograms/pictogram_family.svg]
[static1.st8fm.com/en_US/dxl-1x/prod/css/images/pictograms/pictogram_floor-roll.svg]
[static1.st8fm.com/en_US/dxl-1x/prod/css/images/pictograms/pictogram_florists-tulip.svg]
[static1.st8fm.com/en_US/dxl-1x/prod/css/images/pictograms/pictogram_funds-transfer.svg]
[static1.st8fm.com/en_US/dxl-1x/prod/css/images/pictograms/pictogram_get-a-quote.svg]
[static1.st8fm.com/en_US/dxl-1x/prod/css/images/pictograms/pictogram_hair-dryer.svg]
[static1.st8fm.com/en_US/dxl-1x/prod/css/images/pictograms/pictogram_health.svg]
[static1.st8fm.com/en_US/dxl-1x/prod/css/images/pictograms/pictogram_home-loan.svg]
[static1.st8fm.com/en_US/dxl-1x/prod/css/images/pictograms/pictogram_home.svg]
[static1.st8fm.com/en_US/dxl-1x/prod/css/images/pictograms/pictogram_homeowner.svg]
[static1.st8fm.com/en_US/dxl-1x/prod/css/images/pictograms/pictogram_hospital-income.svg]
[static1.st8fm.com/en_US/dxl-1x/prod/css/images/pictograms/pictogram_hour-glass.svg]
[static1.st8fm.com/en_US/dxl-1x/prod/css/images/pictograms/pictogram_hvac-fan.svg]
[static1.st8fm.com/en_US/dxl-1x/prod/css/images/pictograms/pictogram_id-scan.svg]
[static1.st8fm.com/en_US/dxl-1x/prod/css/images/pictograms/pictogram_innovate.svg]
[static1.st8fm.com/en_US/dxl-1x/prod/css/images/pictograms/pictogram_insurance.svg]
[static1.st8fm.com/en_US/dxl-1x/prod/css/images/pictograms/pictogram_insurance-health.svg]
[static1.st8fm.com/en_US/dxl-1x/prod/css/images/pictograms/pictogram_keychain.svg]
[static1.st8fm.com/en_US/dxl-1x/prod/css/images/pictograms/pictogram_law-enforcement.svg]
[static1.st8fm.com/en_US/dxl-1x/prod/css/images/pictograms/pictogram_liability.svg]
[static1.st8fm.com/en_US/dxl-1x/prod/css/images/pictograms/pictogram_life.svg]
[static1.st8fm.com/en_US/dxl-1x/prod/css/images/pictograms/pictogram_lightning.svg]
[static1.st8fm.com/en_US/dxl-1x/prod/css/images/pictograms/pictogram_loans.svg]
[static1.st8fm.com/en_US/dxl-1x/prod/css/images/pictograms/pictogram_location.svg]
[static1.st8fm.com/en_US/dxl-1x/prod/css/images/pictograms/pictogram_locked-door.svg]
[static1.st8fm.com/en_US/dxl-1x/prod/css/images/pictograms/pictogram_locksmith.svg]
[static1.st8fm.com/en_US/dxl-1x/prod/css/images/pictograms/pictogram_magnifying.svg]
[static1.st8fm.com/en_US/dxl-1x/prod/css/images/pictograms/pictogram_mail-box.svg]
[static1.st8fm.com/en_US/dxl-1x/prod/css/images/pictograms/pictogram_medical-supplement.svg]
[static1.st8fm.com/en_US/dxl-1x/prod/css/images/pictograms/pictogram_metrics.svg]
[static1.st8fm.com/en_US/dxl-1x/prod/css/images/pictograms/pictogram_mobile-home.svg]
[static1.st8fm.com/en_US/dxl-1x/prod/css/images/pictograms/pictogram_mobile-phone.svg]
[static1.st8fm.com/en_US/dxl-1x/prod/css/images/pictograms/pictogram_motorcycle.svg]
[static1.st8fm.com/en_US/dxl-1x/prod/css/images/pictograms/pictogram_mutual-funds.svg]
[static1.st8fm.com/en_US/dxl-1x/prod/css/images/pictograms/pictogram_notes.svg]
[static1.st8fm.com/en_US/dxl-1x/prod/css/images/pictograms/pictogram_operations.svg]
[static1.st8fm.com/en_US/dxl-1x/prod/css/images/pictograms/pictogram_package.svg]
[static1.st8fm.com/en_US/dxl-1x/prod/css/images/pictograms/pictogram_painting-roller.svg]
[static1.st8fm.com/en_US/dxl-1x/prod/css/images/pictograms/pictogram_paperless-billing.svg]
[static1.st8fm.com/en_US/dxl-1x/prod/css/images/pictograms/pictogram_pay.svg]
[static1.st8fm.com/en_US/dxl-1x/prod/css/images/pictograms/pictogram_pet.svg]
[static1.st8fm.com/en_US/dxl-1x/prod/css/images/pictograms/pictogram_photographers-camera.svg]
[static1.st8fm.com/en_US/dxl-1x/prod/css/images/pictograms/pictogram_photographers-film.svg]
[static1.st8fm.com/en_US/dxl-1x/prod/css/images/pictograms/pictogram_plug.svg]
[static1.st8fm.com/en_US/dxl-1x/prod/css/images/pictograms/pictogram_plumbing-pipe.svg]
[static1.st8fm.com/en_US/dxl-1x/prod/css/images/pictograms/pictogram_plumbing-plunger.svg]
[static1.st8fm.com/en_US/dxl-1x/prod/css/images/pictograms/pictogram_post-mail.svg]
[static1.st8fm.com/en_US/dxl-1x/prod/css/images/pictograms/pictogram_purchase-security.svg]
[static1.st8fm.com/en_US/dxl-1x/prod/css/images/pictograms/pictogram_question.svg]
[static1.st8fm.com/en_US/dxl-1x/prod/css/images/pictograms/pictogram_recreational-vehicle.svg]
[static1.st8fm.com/en_US/dxl-1x/prod/css/images/pictograms/pictogram_rental-car.svg]
[static1.st8fm.com/en_US/dxl-1x/prod/css/images/pictograms/pictogram_renters.svg]
[static1.st8fm.com/en_US/dxl-1x/prod/css/images/pictograms/pictogram_retirement.svg]
[static1.st8fm.com/en_US/dxl-1x/prod/css/images/pictograms/pictogram_safety.svg]
[static1.st8fm.com/en_US/dxl-1x/prod/css/images/pictograms/pictogram_savings.svg]
[static1.st8fm.com/en_US/dxl-1x/prod/css/images/pictograms/pictogram_small-business-loan.svg]
[static1.st8fm.com/en_US/dxl-1x/prod/css/images/pictograms/pictogram_small-business.svg]
[static1.st8fm.com/en_US/dxl-1x/prod/css/images/pictograms/pictogram_snowmobile.svg]
[static1.st8fm.com/en_US/dxl-1x/prod/css/images/pictograms/pictogram_strategy.svg]
[static1.st8fm.com/en_US/dxl-1x/prod/css/images/pictograms/pictogram_suppliers.svg]
[static1.st8fm.com/en_US/dxl-1x/prod/css/images/pictograms/pictogram_suv.svg]
[static1.st8fm.com/en_US/dxl-1x/prod/css/images/pictograms/pictogram_swatch.svg]
[static1.st8fm.com/en_US/dxl-1x/prod/css/images/pictograms/pictogram_tablet.svg]
[static1.st8fm.com/en_US/dxl-1x/prod/css/images/pictograms/pictogram_tools.svg]
[static1.st8fm.com/en_US/dxl-1x/prod/css/images/pictograms/pictogram_tow-truck.svg]
[static1.st8fm.com/en_US/dxl-1x/prod/css/images/pictograms/pictogram_training.svg]
[static1.st8fm.com/en_US/dxl-1x/prod/css/images/pictograms/pictogram_VR.svg]
[static1.st8fm.com/en_US/dxl-1x/prod/css/images/pictograms/pictogram_writing-ink.svg]
[static1.st8fm.com/en_US/dxl-1x/prod/css/images/core/error_inverse.svg]
[static1.st8fm.com/en_US/dxl-1x/prod/css/images/core/error.svg]
[static1.st8fm.com/en_US/dxl-1x/prod/css/images/core/like_24.svg]
[static1.st8fm.com/en_US/dxl-1x/prod/css/images/core/star_rating_empty.svg]
[static1.st8fm.com/en_US/dxl-1x/prod/css/images/core/star_rating_half.svg]
[static1.st8fm.com/en_US/dxl-1x/prod/css/images/core/star_rating_full.svg]
[static1.st8fm.com/en_US/dxl-1x/prod/css/images/core/star_rating_default_32.svg]
[static1.st8fm.com/en_US/dxl-1x/prod/css/images/core/star_rating_filled_32.svg]
[static1.st8fm.com/en_US/dxl-1x/prod/css/images/core/checkbox_sprite.svg]
[static1.st8fm.com/en_US/dxl-1x/prod/css/images/core/radio_button_sprite.svg]
[static1.st8fm.com/en_US/dxl-1x/prod/css/images/core/loader_64.gif]
[static1.st8fm.com/en_US/dxl-1x/prod/css/images/core/loader_80.gif]
[static1.st8fm.com/en_US/dxl-1x/prod/css/images/core/loader_100.gif]
[static1.st8fm.com/en_US/dxl-1x/prod/css/images/core/close-icon_32_inverse.svg]
[static1.st8fm.com/en_US/dxl-1x/prod/css/images/core/plus_32.svg]
[static1.st8fm.com/en_US/dxl-1x/prod/css/images/core/minus_32.svg]
[static1.st8fm.com/en_US/dxl-1x/prod/css/images/core/plus_24.svg]
[static1.st8fm.com/en_US/dxl-1x/prod/css/images/core/minus_24.svg]
[static1.st8fm.com/en_US/dxl-1x/prod/css/images/core/plus_48.svg]
[static1.st8fm.com/en_US/dxl-1x/prod/css/images/core/minus_48.svg]
[static1.st8fm.com/en_US/dxl-1x/prod/css/images/core/chevron_32_red.svg]
[static1.st8fm.com/en_US/dxl-1x/prod/css/images/core/chevron_24.svg]
[static1.st8fm.com/en_US/dxl-1x/prod/css/images/core/chevron_32.svg]
[static1.st8fm.com/en_US/dxl-1x/prod/css/images/core/chevron_32_red_exp.svg]
[static1.st8fm.com/en_US/dxl-1x/prod/css/images/core/pi_incomplete.svg]
[static1.st8fm.com/en_US/dxl-1x/prod/css/images/core/pi_completed.svg]
[static1.st8fm.com/en_US/dxl-1x/prod/css/images/core/pi_current.svg]
[static1.st8fm.com/en_US/dxl-1x/prod/css/images/core/pi_visited.svg]
[static1.st8fm.com/en_US/dxl-1x/prod/css/images/core/chip_check_dark.svg]
[static1.st8fm.com/en_US/dxl-1x/prod/css/images/core/chip_check_light.svg]
[static1.st8fm.com/en_US/dxl-1x/prod/css/images/core/chip_filter_dark.svg]
[static1.st8fm.com/en_US/dxl-1x/prod/css/images/core/chip_filter_light.svg]
[static1.st8fm.com/en_US/dxl-1x/prod/css/images/core/chip_chevron_dark.svg]
[static1.st8fm.com/en_US/dxl-1x/prod/css/images/core/chip_chevron_light.svg]
[static1.st8fm.com/en_US/dxl-1x/prod/css/images/core/action_menu_sprite.svg]
[static1.st8fm.com/en_US/dxl-1x/prod/css/images/core/chevron_24_red.svg]
[static1.st8fm.com/en_US/dxl-1x/prod/css/images/core/dot_empty_16.svg]
[static1.st8fm.com/en_US/dxl-1x/prod/css/images/core/dot_filled_16.svg]
[static1.st8fm.com/en_US/dxl-1x/prod/css/images/core/confirm_16.svg]
[static1.st8fm.com/en_US/dxl-1x/prod/css/images/core/arrow_left_24.svg]
[static1.st8fm.com/en_US/dxl-1x/prod/css/images/core/arrow_right_24.svg]
[static1.st8fm.com/en_US/dxl-1x/prod/css/images/core/arrow_left_white_24.svg]
[static1.st8fm.com/en_US/dxl-1x/prod/css/images/core/arrow_right_white_24.svg]
[static1.st8fm.com/en_US/dxl-1x/prod/css/images/header/chevron_32.svg]
[static1.st8fm.com/en_US/dxl-1x/prod/css/images/header/documents.svg]
[static1.st8fm.com/en_US/dxl-1x/prod/css/images/header/util_lang_en.svg]
[static1.st8fm.com/en_US/dxl-1x/prod/css/images/header/util_agent.svg]
[static1.st8fm.com/en_US/dxl-1x/prod/css/images/header/util_search.svg]
[static1.st8fm.com/en_US/dxl-1x/prod/css/images/header/util_help.svg]
[static1.st8fm.com/en_US/dxl-1x/prod/css/images/header/util_lang_es.svg]
[static1.st8fm.com/en_US/dxl-1x/prod/css/images/header/util_myaccounts.svg]
[static1.st8fm.com/en_US/dxl-1x/prod/css/images/header/generaluse_call_24-circle.svg]
[static1.st8fm.com/en_US/dxl-1x/prod/css/images/header/generaluse_call_24.svg]
[static1.st8fm.com/en_US/dxl-1x/prod/css/images/header/generaluse_callback_24-circle.svg]
[static1.st8fm.com/en_US/dxl-1x/prod/css/images/header/generaluse_callback_24.svg]
[static1.st8fm.com/en_US/dxl-1x/prod/css/images/header/generaluse_chat_24-circle.svg]
[static1.st8fm.com/en_US/dxl-1x/prod/css/images/header/generaluse_chat_24.svg]
[static1.st8fm.com/en_US/dxl-1x/prod/css/images/header/generaluse_faq-help_24-circle.svg]
[static1.st8fm.com/en_US/dxl-1x/prod/css/images/header/generaluse_faq-help_24.svg]
[static1.st8fm.com/en_US/dxl-1x/prod/css/images/header/chevron_left.svg]
[static1.st8fm.com/en_US/dxl-1x/prod/css/1x.core.css]
[www.statefarm.com/hplp/_next/static/css/42408d4b3a2861c2.css]
[www.statefarm.com/hplp/_next/static/css/8439cb8205d6c064.css]
[static1.st8fm.com/en_US/dxl-1x/prod/css/images/core/text_field_controls.svg]
[static1.st8fm.com/en_US/dxl-1x/prod/css/images/core/close-icon_32.svg]
[static1.st8fm.com/en_US/dxl-1x/prod/css/images/core/notifications.svg]
[static1.st8fm.com/en_US/dxl-1x/prod/css/images/core/chevron.svg]
[static1.st8fm.com/en_US/dxl-1x/prod/css/images/core/circle_chevron_red_32.svg]
[static1.st8fm.com/en_US/dxl-1x/prod/css/images/core/circle_chevron_white_32.svg]
[static1.st8fm.com/en_US/dxl-1x/prod/css/images/core/close-icon_24.svg]
[static1.st8fm.com/en_US/dxl-1x/prod/css/images/pictograms/pictogram_3D.svg]
[static1.st8fm.com/en_US/dxl-1x/prod/css/images/pictograms/pictogram_agriculture.svg]
[static1.st8fm.com/en_US/dxl-1x/prod/css/images/pictograms/pictogram_animation.svg]
[static1.st8fm.com/en_US/dxl-1x/prod/css/images/pictograms/pictogram_annuities.svg]
[static1.st8fm.com/en_US/dxl-1x/prod/css/images/pictograms/pictogram_antique-car.svg]
[static1.st8fm.com/en_US/dxl-1x/prod/css/images/pictograms/pictogram_api-examples.svg]
[static1.st8fm.com/en_US/dxl-1x/prod/css/images/pictograms/pictogram_apis.svg]
[static1.st8fm.com/en_US/dxl-1x/prod/css/images/pictograms/pictogram_AR.svg]
[static1.st8fm.com/en_US/dxl-1x/prod/css/images/pictograms/pictogram_auto-car.svg]
[static1.st8fm.com/en_US/dxl-1x/prod/css/images/pictograms/pictogram_auto-loan.svg]
[static1.st8fm.com/en_US/dxl-1x/prod/css/images/pictograms/pictogram_bank.svg]
[static1.st8fm.com/en_US/dxl-1x/prod/css/images/pictograms/pictogram_boat.svg]
[static1.st8fm.com/en_US/dxl-1x/prod/css/images/pictograms/pictogram_broadcast.svg]
[static1.st8fm.com/en_US/dxl-1x/prod/css/images/pictograms/pictogram_bundle-auto-home.svg]
[static1.st8fm.com/en_US/dxl-1x/prod/css/images/pictograms/pictogram_bus.svg]
[static1.st8fm.com/en_US/dxl-1x/prod/css/images/pictograms/pictogram_business-insurance.svg]
[static1.st8fm.com/en_US/dxl-1x/prod/css/images/pictograms/pictogram_business-loan.svg]
[static1.st8fm.com/en_US/dxl-1x/prod/css/images/pictograms/pictogram_calendar.svg]
[static1.st8fm.com/en_US/dxl-1x/prod/css/images/pictograms/pictogram_camper.svg]
[static1.st8fm.com/en_US/dxl-1x/prod/css/images/pictograms/pictogram_car-on-phone.svg]
[static1.st8fm.com/en_US/dxl-1x/prod/css/images/pictograms/pictogram_certificate.svg]
[static1.st8fm.com/en_US/dxl-1x/prod/css/images/pictograms/pictogram_chart.svg]
[static1.st8fm.com/en_US/dxl-1x/prod/css/images/pictograms/pictogram_checking.svg]
[static1.st8fm.com/en_US/dxl-1x/prod/css/images/pictograms/pictogram_checklist.svg]
[static1.st8fm.com/en_US/dxl-1x/prod/css/images/pictograms/pictogram_collaborate.svg]
[static1.st8fm.com/en_US/dxl-1x/prod/css/images/pictograms/pictogram_complete-lease.svg]
[static1.st8fm.com/en_US/dxl-1x/prod/css/images/pictograms/pictogram_condo.svg]
[static1.st8fm.com/en_US/dxl-1x/prod/css/images/pictograms/pictogram_contact-book.svg]
[static1.st8fm.com/en_US/dxl-1x/prod/css/images/pictograms/pictogram_credit-card.svg]
[static1.st8fm.com/en_US/dxl-1x/prod/css/images/pictograms/pictogram_culture.svg]
[static1.st8fm.com/en_US/dxl-1x/prod/css/images/pictograms/pictogram_customer-focused.svg]
[static1.st8fm.com/en_US/dxl-1x/prod/css/images/pictograms/pictogram_design-process.svg]
[static1.st8fm.com/en_US/dxl-1x/prod/css/images/pictograms/pictogram_desktop-monitor.svg]
[static1.st8fm.com/en_US/dxl-1x/prod/css/images/pictograms/pictogram_documents.svg]
[static1.st8fm.com/en_US/dxl-1x/prod/css/images/pictograms/pictogram_education-savings.svg]
[static1.st8fm.com/en_US/dxl-1x/prod/css/images/pictograms/pictogram_exclamation.svg]
[static1.st8fm.com/en_US/dxl-1x/prod/css/images/pictograms/pictogram_family.svg]
[static1.st8fm.com/en_US/dxl-1x/prod/css/images/pictograms/pictogram_floor-roll.svg]
[static1.st8fm.com/en_US/dxl-1x/prod/css/images/pictograms/pictogram_florists-tulip.svg]
[static1.st8fm.com/en_US/dxl-1x/prod/css/images/pictograms/pictogram_funds-transfer.svg]
[static1.st8fm.com/en_US/dxl-1x/prod/css/images/pictograms/pictogram_get-a-quote.svg]
[static1.st8fm.com/en_US/dxl-1x/prod/css/images/pictograms/pictogram_hair-dryer.svg]
[static1.st8fm.com/en_US/dxl-1x/prod/css/images/pictograms/pictogram_health.svg]
[static1.st8fm.com/en_US/dxl-1x/prod/css/images/pictograms/pictogram_home-loan.svg]
[static1.st8fm.com/en_US/dxl-1x/prod/css/images/pictograms/pictogram_home.svg]
[static1.st8fm.com/en_US/dxl-1x/prod/css/images/pictograms/pictogram_homeowner.svg]
[static1.st8fm.com/en_US/dxl-1x/prod/css/images/pictograms/pictogram_hospital-income.svg]
[static1.st8fm.com/en_US/dxl-1x/prod/css/images/pictograms/pictogram_hour-glass.svg]
[static1.st8fm.com/en_US/dxl-1x/prod/css/images/pictograms/pictogram_hvac-fan.svg]
[static1.st8fm.com/en_US/dxl-1x/prod/css/images/pictograms/pictogram_id-scan.svg]
[static1.st8fm.com/en_US/dxl-1x/prod/css/images/pictograms/pictogram_innovate.svg]
[static1.st8fm.com/en_US/dxl-1x/prod/css/images/pictograms/pictogram_insurance.svg]
[static1.st8fm.com/en_US/dxl-1x/prod/css/images/pictograms/pictogram_insurance-health.svg]
[static1.st8fm.com/en_US/dxl-1x/prod/css/images/pictograms/pictogram_keychain.svg]
[static1.st8fm.com/en_US/dxl-1x/prod/css/images/pictograms/pictogram_law-enforcement.svg]
[static1.st8fm.com/en_US/dxl-1x/prod/css/images/pictograms/pictogram_liability.svg]
[static1.st8fm.com/en_US/dxl-1x/prod/css/images/pictograms/pictogram_life.svg]
[static1.st8fm.com/en_US/dxl-1x/prod/css/images/pictograms/pictogram_lightning.svg]
[static1.st8fm.com/en_US/dxl-1x/prod/css/images/pictograms/pictogram_loans.svg]
[static1.st8fm.com/en_US/dxl-1x/prod/css/images/pictograms/pictogram_location.svg]
[static1.st8fm.com/en_US/dxl-1x/prod/css/images/pictograms/pictogram_locked-door.svg]
[static1.st8fm.com/en_US/dxl-1x/prod/css/images/pictograms/pictogram_locksmith.svg]
[static1.st8fm.com/en_US/dxl-1x/prod/css/images/pictograms/pictogram_magnifying.svg]
[static1.st8fm.com/en_US/dxl-1x/prod/css/images/pictograms/pictogram_mail-box.svg]
[static1.st8fm.com/en_US/dxl-1x/prod/css/images/pictograms/pictogram_medical-supplement.svg]
[static1.st8fm.com/en_US/dxl-1x/prod/css/images/pictograms/pictogram_metrics.svg]
[static1.st8fm.com/en_US/dxl-1x/prod/css/images/pictograms/pictogram_mobile-home.svg]
[static1.st8fm.com/en_US/dxl-1x/prod/css/images/pictograms/pictogram_mobile-phone.svg]
[static1.st8fm.com/en_US/dxl-1x/prod/css/images/pictograms/pictogram_motorcycle.svg]
[static1.st8fm.com/en_US/dxl-1x/prod/css/images/pictograms/pictogram_mutual-funds.svg]
[static1.st8fm.com/en_US/dxl-1x/prod/css/images/pictograms/pictogram_notes.svg]
[static1.st8fm.com/en_US/dxl-1x/prod/css/images/pictograms/pictogram_operations.svg]
[static1.st8fm.com/en_US/dxl-1x/prod/css/images/pictograms/pictogram_package.svg]
[static1.st8fm.com/en_US/dxl-1x/prod/css/images/pictograms/pictogram_painting-roller.svg]
[static1.st8fm.com/en_US/dxl-1x/prod/css/images/pictograms/pictogram_paperless-billing.svg]
[static1.st8fm.com/en_US/dxl-1x/prod/css/images/pictograms/pictogram_pay.svg]
[static1.st8fm.com/en_US/dxl-1x/prod/css/images/pictograms/pictogram_pet.svg]
[static1.st8fm.com/en_US/dxl-1x/prod/css/images/pictograms/pictogram_photographers-camera.svg]
[static1.st8fm.com/en_US/dxl-1x/prod/css/images/pictograms/pictogram_photographers-film.svg]
[static1.st8fm.com/en_US/dxl-1x/prod/css/images/pictograms/pictogram_plug.svg]
[static1.st8fm.com/en_US/dxl-1x/prod/css/images/pictograms/pictogram_plumbing-pipe.svg]
[static1.st8fm.com/en_US/dxl-1x/prod/css/images/pictograms/pictogram_plumbing-plunger.svg]
[static1.st8fm.com/en_US/dxl-1x/prod/css/images/pictograms/pictogram_post-mail.svg]
[static1.st8fm.com/en_US/dxl-1x/prod/css/images/pictograms/pictogram_purchase-security.svg]
[static1.st8fm.com/en_US/dxl-1x/prod/css/images/pictograms/pictogram_question.svg]
[static1.st8fm.com/en_US/dxl-1x/prod/css/images/pictograms/pictogram_recreational-vehicle.svg]
[static1.st8fm.com/en_US/dxl-1x/prod/css/images/pictograms/pictogram_rental-car.svg]
[static1.st8fm.com/en_US/dxl-1x/prod/css/images/pictograms/pictogram_renters.svg]
[static1.st8fm.com/en_US/dxl-1x/prod/css/images/pictograms/pictogram_retirement.svg]
[static1.st8fm.com/en_US/dxl-1x/prod/css/images/pictograms/pictogram_safety.svg]
[static1.st8fm.com/en_US/dxl-1x/prod/css/images/pictograms/pictogram_savings.svg]
[static1.st8fm.com/en_US/dxl-1x/prod/css/images/pictograms/pictogram_small-business-loan.svg]
[static1.st8fm.com/en_US/dxl-1x/prod/css/images/pictograms/pictogram_small-business.svg]
[static1.st8fm.com/en_US/dxl-1x/prod/css/images/pictograms/pictogram_snowmobile.svg]
[static1.st8fm.com/en_US/dxl-1x/prod/css/images/pictograms/pictogram_strategy.svg]
[static1.st8fm.com/en_US/dxl-1x/prod/css/images/pictograms/pictogram_suppliers.svg]
[static1.st8fm.com/en_US/dxl-1x/prod/css/images/pictograms/pictogram_suv.svg]
[static1.st8fm.com/en_US/dxl-1x/prod/css/images/pictograms/pictogram_swatch.svg]
[static1.st8fm.com/en_US/dxl-1x/prod/css/images/pictograms/pictogram_tablet.svg]
[static1.st8fm.com/en_US/dxl-1x/prod/css/images/pictograms/pictogram_tools.svg]
[static1.st8fm.com/en_US/dxl-1x/prod/css/images/pictograms/pictogram_tow-truck.svg]
[static1.st8fm.com/en_US/dxl-1x/prod/css/images/pictograms/pictogram_training.svg]
[static1.st8fm.com/en_US/dxl-1x/prod/css/images/pictograms/pictogram_VR.svg]
[static1.st8fm.com/en_US/dxl-1x/prod/css/images/pictograms/pictogram_writing-ink.svg]
[static1.st8fm.com/en_US/dxl-1x/prod/css/images/core/error_inverse.svg]
[static1.st8fm.com/en_US/dxl-1x/prod/css/images/core/error.svg]
[static1.st8fm.com/en_US/dxl-1x/prod/css/images/core/like_24.svg]
[static1.st8fm.com/en_US/dxl-1x/prod/css/images/core/star_rating_empty.svg]
[static1.st8fm.com/en_US/dxl-1x/prod/css/images/core/star_rating_half.svg]
[static1.st8fm.com/en_US/dxl-1x/prod/css/images/core/star_rating_full.svg]
[static1.st8fm.com/en_US/dxl-1x/prod/css/images/core/star_rating_default_32.svg]
[static1.st8fm.com/en_US/dxl-1x/prod/css/images/core/star_rating_filled_32.svg]
[static1.st8fm.com/en_US/dxl-1x/prod/css/images/core/checkbox_sprite.svg]
[static1.st8fm.com/en_US/dxl-1x/prod/css/images/core/radio_button_sprite.svg]
[static1.st8fm.com/en_US/dxl-1x/prod/css/images/core/close-icon_32_inverse.svg]
[static1.st8fm.com/en_US/dxl-1x/prod/css/images/core/plus_32.svg]
[static1.st8fm.com/en_US/dxl-1x/prod/css/images/core/minus_32.svg]
[static1.st8fm.com/en_US/dxl-1x/prod/css/images/core/plus_24.svg]
[static1.st8fm.com/en_US/dxl-1x/prod/css/images/core/minus_24.svg]
[static1.st8fm.com/en_US/dxl-1x/prod/css/images/core/plus_48.svg]
[static1.st8fm.com/en_US/dxl-1x/prod/css/images/core/minus_48.svg]
[static1.st8fm.com/en_US/dxl-1x/prod/css/images/core/chevron_32_red.svg]
[static1.st8fm.com/en_US/dxl-1x/prod/css/images/core/chevron_24.svg]
[static1.st8fm.com/en_US/dxl-1x/prod/css/images/core/chevron_32.svg]
[static1.st8fm.com/en_US/dxl-1x/prod/css/images/core/chevron_32_red_exp.svg]
[static1.st8fm.com/en_US/dxl-1x/prod/css/images/core/pi_incomplete.svg]
[static1.st8fm.com/en_US/dxl-1x/prod/css/images/core/pi_completed.svg]
[static1.st8fm.com/en_US/dxl-1x/prod/css/images/core/pi_current.svg]
[static1.st8fm.com/en_US/dxl-1x/prod/css/images/core/pi_visited.svg]
[static1.st8fm.com/en_US/dxl-1x/prod/css/images/core/chip_check_dark.svg]
[static1.st8fm.com/en_US/dxl-1x/prod/css/images/core/chip_check_light.svg]
[static1.st8fm.com/en_US/dxl-1x/prod/css/images/core/chip_filter_dark.svg]
[static1.st8fm.com/en_US/dxl-1x/prod/css/images/core/chip_filter_light.svg]
[static1.st8fm.com/en_US/dxl-1x/prod/css/images/core/chip_chevron_dark.svg]
[static1.st8fm.com/en_US/dxl-1x/prod/css/images/core/chip_chevron_light.svg]
[static1.st8fm.com/en_US/dxl-1x/prod/css/images/core/action_menu_sprite.svg]
[static1.st8fm.com/en_US/dxl-1x/prod/css/images/core/chevron_24_red.svg]
[static1.st8fm.com/en_US/dxl-1x/prod/css/images/core/dot_empty_16.svg]
[static1.st8fm.com/en_US/dxl-1x/prod/css/images/core/dot_filled_16.svg]
[static1.st8fm.com/en_US/dxl-1x/prod/css/images/core/confirm_16.svg]
[static1.st8fm.com/en_US/dxl-1x/prod/css/images/core/arrow_left_24.svg]
[static1.st8fm.com/en_US/dxl-1x/prod/css/images/core/arrow_right_24.svg]
[static1.st8fm.com/en_US/dxl-1x/prod/css/images/core/arrow_left_white_24.svg]
[static1.st8fm.com/en_US/dxl-1x/prod/css/images/core/arrow_right_white_24.svg]
[static1.st8fm.com/en_US/dxl-1x/prod/css/images/header/chevron_32.svg]
[static1.st8fm.com/en_US/dxl-1x/prod/css/images/header/documents.svg]
[static1.st8fm.com/en_US/dxl-1x/prod/css/images/header/util_lang_en.svg]
[static1.st8fm.com/en_US/dxl-1x/prod/css/images/header/util_agent.svg]
[static1.st8fm.com/en_US/dxl-1x/prod/css/images/header/util_search.svg]
[static1.st8fm.com/en_US/dxl-1x/prod/css/images/header/util_help.svg]
[static1.st8fm.com/en_US/dxl-1x/prod/css/images/header/util_lang_es.svg]
[static1.st8fm.com/en_US/dxl-1x/prod/css/images/header/util_myaccounts.svg]
[static1.st8fm.com/en_US/dxl-1x/prod/css/images/header/generaluse_call_24-circle.svg]
[static1.st8fm.com/en_US/dxl-1x/prod/css/images/header/generaluse_call_24.svg]
[static1.st8fm.com/en_US/dxl-1x/prod/css/images/header/generaluse_callback_24-circle.svg]
[static1.st8fm.com/en_US/dxl-1x/prod/css/images/header/generaluse_callback_24.svg]
[static1.st8fm.com/en_US/dxl-1x/prod/css/images/header/generaluse_chat_24-circle.svg]
[static1.st8fm.com/en_US/dxl-1x/prod/css/images/header/generaluse_chat_24.svg]
[static1.st8fm.com/en_US/dxl-1x/prod/css/images/header/generaluse_faq-help_24-circle.svg]
[static1.st8fm.com/en_US/dxl-1x/prod/css/images/header/generaluse_faq-help_24.svg]
[static1.st8fm.com/en_US/dxl-1x/prod/css/images/header/chevron_left.svg]
